// Jest Snapshot v1, https://goo.gl/fbAQLP

exports[`react/getDisplayName should print a displayName 1`] = `
Object {
  "Component.constructor.name": "Intl(Component.constructor.name)",
  "Component.displayName": "Intl(Component.displayName)",
  "Component.name": "Intl(Component.name)",
  "Unknown": "Intl(Unknown)",
}
`;
